Using Spark's default log4j profile: org/apache/spark/log4j-defaults.properties
Setting default log level to "WARN".
To adjust logging level use sc.setLogLevel(newLevel). For SparkR, use setLogLevel(newLevel).
Spark context Web UI available at 
Spark context available as 'sc' (master = local[*], app id = local-1601745316498).
Spark session available as 'spark'.
Welcome to
      ____              __
     / __/__  ___ _____/ /__
    _\ \/ _ \/ _ `/ __/  '_/
   /___/ .__/\_,_/_/ /_/\_\   version 2.4.5
      /_/

Using Scala version 2.11.12 (OpenJDK 64-Bit Server VM, Java 1.8.0_252)
Type in expressions to have them evaluated.
Type :help for more information.

scala> spark
res0: org.apache.spark.sql.SparkSession = org.apache.spark.sql.SparkSession@6fd07a56

scala> spark.read.csv("D:\Data\Spark-The-Definitive-Guide-master\data\flight-data\csv\*");
<console>:1: error: invalid escape character
spark.read.csv("D:\Data\Spark-The-Definitive-Guide-master\data\flight-data\csv\*");
                   ^
<console>:1: error: invalid escape character
spark.read.csv("D:\Data\Spark-The-Definitive-Guide-master\data\flight-data\csv\*");
                        ^
<console>:1: error: invalid escape character
spark.read.csv("D:\Data\Spark-The-Definitive-Guide-master\data\flight-data\csv\*");
                                                          ^
<console>:1: error: invalid escape character
spark.read.csv("D:\Data\Spark-The-Definitive-Guide-master\data\flight-data\csv\*");
                                                                           ^
<console>:1: error: invalid escape character
spark.read.csv("D:\Data\Spark-The-Definitive-Guide-master\data\flight-data\csv\*");
                                                                               ^

scala> spark.read.csv("D:\\Data\\Spark-The-Definitive-Guide-master\\data\\flight-data\\csv\\*");
res1: org.apache.spark.sql.DataFrame = [_c0: string, _c1: string ... 1 more field]

scala> val data = spark.read.csv("D:\\Data\\Spark-The-Definitive-Guide-master\\data\\flight-data\\csv\\*");
data: org.apache.spark.sql.DataFrame = [_c0: string, _c1: string ... 1 more field]

scala> data.show()
+--------------------+-------------------+-----+
|                 _c0|                _c1|  _c2|
+--------------------+-------------------+-----+
|   DEST_COUNTRY_NAME|ORIGIN_COUNTRY_NAME|count|
|       United States|            Romania|    1|
|       United States|            Ireland|  264|
|       United States|              India|   69|
|               Egypt|      United States|   24|
|   Equatorial Guinea|      United States|    1|
|       United States|          Singapore|   25|
|       United States|            Grenada|   54|
|          Costa Rica|      United States|  477|
|             Senegal|      United States|   29|
|       United States|   Marshall Islands|   44|
|              Guyana|      United States|   17|
|       United States|       Sint Maarten|   53|
|               Malta|      United States|    1|
|             Bolivia|      United States|   46|
|            Anguilla|      United States|   21|
|Turks and Caicos ...|      United States|  136|
|       United States|        Afghanistan|    2|
|Saint Vincent and...|      United States|    1|
|               Italy|      United States|  390|
+--------------------+-------------------+-----+
only showing top 20 rows

scala> val data = spark.read.format("csv").option("header", "true").load("D:\\Data\\Spark-The-Definitive-Guide-master\\data\\flight-data\\csv\\*");
data: org.apache.spark.sql.DataFrame = [DEST_COUNTRY_NAME: string, ORIGIN_COUNTRY_NAME: string ... 1 more field]

scala> data.show();
+--------------------+-------------------+-----+
|   DEST_COUNTRY_NAME|ORIGIN_COUNTRY_NAME|count|
+--------------------+-------------------+-----+
|       United States|            Romania|    1|
|       United States|            Ireland|  264|
|       United States|              India|   69|
|               Egypt|      United States|   24|
|   Equatorial Guinea|      United States|    1|
|       United States|          Singapore|   25|
|       United States|            Grenada|   54|
|          Costa Rica|      United States|  477|
|             Senegal|      United States|   29|
|       United States|   Marshall Islands|   44|
|              Guyana|      United States|   17|
|       United States|       Sint Maarten|   53|
|               Malta|      United States|    1|
|             Bolivia|      United States|   46|
|            Anguilla|      United States|   21|
|Turks and Caicos ...|      United States|  136|
|       United States|        Afghanistan|    2|
|Saint Vincent and...|      United States|    1|
|               Italy|      United States|  390|
|       United States|             Russia|  156|
+--------------------+-------------------+-----+
only showing top 20 rows


scala> data.filter("count>2").show()
+--------------------+--------------------+-----+
|   DEST_COUNTRY_NAME| ORIGIN_COUNTRY_NAME|count|
+--------------------+--------------------+-----+
|       United States|             Ireland|  264|
|       United States|               India|   69|
|               Egypt|       United States|   24|
|       United States|           Singapore|   25|
|       United States|             Grenada|   54|
|          Costa Rica|       United States|  477|
|             Senegal|       United States|   29|
|       United States|    Marshall Islands|   44|
|              Guyana|       United States|   17|
|       United States|        Sint Maarten|   53|
|             Bolivia|       United States|   46|
|            Anguilla|       United States|   21|
|Turks and Caicos ...|       United States|  136|
|               Italy|       United States|  390|
|       United States|              Russia|  156|
|       United States|Federated States ...|   48|
|            Pakistan|       United States|    9|
|       United States|         Netherlands|  570|
|             Iceland|       United States|  118|
|    Marshall Islands|       United States|   77|
+--------------------+--------------------+-----+
only showing top 20 rows


scala> data.filter("count>50").show()
+--------------------+-------------------+-----+
|   DEST_COUNTRY_NAME|ORIGIN_COUNTRY_NAME|count|
+--------------------+-------------------+-----+
|       United States|            Ireland|  264|
|       United States|              India|   69|
|       United States|            Grenada|   54|
|          Costa Rica|      United States|  477|
|       United States|       Sint Maarten|   53|
|Turks and Caicos ...|      United States|  136|
|               Italy|      United States|  390|
|       United States|             Russia|  156|
|       United States|        Netherlands|  570|
|             Iceland|      United States|  118|
|    Marshall Islands|      United States|   77|
|          Luxembourg|      United States|   91|
|            Honduras|      United States|  391|
|         The Bahamas|      United States|  903|
|         El Salvador|      United States|  519|
|         Switzerland|      United States|  315|
|        Sint Maarten|      United States|   61|
|           Hong Kong|      United States|  252|
| Trinidad and Tobago|      United States|  187|
|       United States|            Ecuador|  345|
+--------------------+-------------------+-----+
only showing top 20 rows


scala> data.filter("count>50").limit(50).show()
+--------------------+-------------------+-----+
|   DEST_COUNTRY_NAME|ORIGIN_COUNTRY_NAME|count|
+--------------------+-------------------+-----+
|       United States|            Ireland|  264|
|       United States|              India|   69|
|       United States|            Grenada|   54|
|          Costa Rica|      United States|  477|
|       United States|       Sint Maarten|   53|
|Turks and Caicos ...|      United States|  136|
|               Italy|      United States|  390|
|       United States|             Russia|  156|
|       United States|        Netherlands|  570|
|             Iceland|      United States|  118|
|    Marshall Islands|      United States|   77|
|          Luxembourg|      United States|   91|
|            Honduras|      United States|  391|
|         The Bahamas|      United States|  903|
|         El Salvador|      United States|  519|
|         Switzerland|      United States|  315|
|        Sint Maarten|      United States|   61|
|           Hong Kong|      United States|  252|
| Trinidad and Tobago|      United States|  187|
|       United States|            Ecuador|  345|
+--------------------+-------------------+-----+
only showing top 20 rows


scala> data.filter("count>50").limit(10).show()
+--------------------+-------------------+-----+
|   DEST_COUNTRY_NAME|ORIGIN_COUNTRY_NAME|count|
+--------------------+-------------------+-----+
|       United States|            Ireland|  264|
|       United States|              India|   69|
|       United States|            Grenada|   54|
|          Costa Rica|      United States|  477|
|       United States|       Sint Maarten|   53|
|Turks and Caicos ...|      United States|  136|
|               Italy|      United States|  390|
|       United States|             Russia|  156|
|       United States|        Netherlands|  570|
|             Iceland|      United States|  118|
+--------------------+-------------------+-----+


scala> data.createOrReplaceTempView("allFlightData")

scala> val resultSet = spark.sql("SELECT DEST_COUNTRY_NAME, count(1) FROM allFlightData GROUP BY DEST_COUNTRY_NAME")
20/10/04 12:49:00 WARN ObjectStore: Version information not found in metastore. hive.metastore.schema.verification is not enabled so recording the schema version 1.2.0
20/10/04 12:49:00 WARN ObjectStore: Failed to get database default, returning NoSuchObjectException
20/10/04 12:49:01 WARN ObjectStore: Failed to get database global_temp, returning NoSuchObjectException
resultSet: org.apache.spark.sql.DataFrame = [DEST_COUNTRY_NAME: string, count(1): bigint]

scala> resultSet.show()
+-----------------+--------+
|DEST_COUNTRY_NAME|count(1)|
+-----------------+--------+
|             Chad|       1|
|         Anguilla|       6|
|           Russia|       6|
|         Paraguay|       6|
|            Yemen|       1|
|          Senegal|       6|
|           Sweden|       6|
|         Kiribati|       6|
|           Guyana|       6|
|      Philippines|       6|
|         Djibouti|       1|
|         Malaysia|       5|
|        Singapore|       5|
|             Fiji|       6|
|           Turkey|       6|
|           Malawi|       1|
|             Iraq|       1|
|          Germany|       6|
|      Afghanistan|       3|
|           Jordan|       6|
+-----------------+--------+
only showing top 20 rows


scala> val resultSet = spark.sql("SELECT DEST_COUNTRY_NAME, count(1) as CNT FROM allFlightData GROUP BY DEST_COUNTRY_NAME")
resultSet: org.apache.spark.sql.DataFrame = [DEST_COUNTRY_NAME: string, CNT: bigint]

scala> resultSet.show()
+-----------------+---+
|DEST_COUNTRY_NAME|CNT|
+-----------------+---+
|             Chad|  1|
|         Anguilla|  6|
|           Russia|  6|
|         Paraguay|  6|
|            Yemen|  1|
|          Senegal|  6|
|           Sweden|  6|
|         Kiribati|  6|
|           Guyana|  6|
|      Philippines|  6|
|         Djibouti|  1|
|         Malaysia|  5|
|        Singapore|  5|
|             Fiji|  6|
|           Turkey|  6|
|           Malawi|  1|
|             Iraq|  1|
|          Germany|  6|
|      Afghanistan|  3|
|           Jordan|  6|
+-----------------+---+
only showing top 20 rows


scala>
